uuu_version 1.0.0
# 
# uuu(universal update utility) command list file
# Firstly line must be uuu_version show minimize uuu host version number
# ---------------------------------------------------------------------
# Command Format PROTOCOL COMMAND ARG
# PROTOCOL
#          CFG:  Config protocol of specific usb device vid/pid
#                SDPS|SDP -chip <chip name> -pid <pid> -vid <vid> [-bcdversion <ver>]
#          SDPS: Stream download after MX8QXPB0 
#                      boot  -f  <filename>
#                      done  #last command for whole flow         
#          SDP:  iMX6/iMX7 HID download protocol.
#                      dcd   -f  <filename>
#                      write -f  <filename> [-addr 0x000000] [-ivt 0]
#                      jump  -f  <filename> [-ivt 0]
#                      boot  -f  <filename> [-nojump]
#                      done  #last command for whole flow   
#
# For example:
#          SDPS: boot -f <filename>
#          SDP:  boot -f <filename>
#          CFG: SDP: -chip imx6ull -pid 0x1234 -vid 0x5678

SDP: boot -f u-boot-imx7dsabresd_sd.imx -nojump
SDP: write -f zImage -addr 0x80800000
SDP: write -f zImage-imx7d-sdb.dtb -addr 0x83000000
SDP: write -f fsl-image-mfgtool-initramfs-imx_mfgtools.cpio.gz.u-boot -addr 0x83800000
SDP: jump -f u-boot-dtb.imx -ivt

