uuu_version 1.0.0
# 
# uuu(universal update utility) command list file
# Firstly line must be uuu_version show minimize uuu host version number
# ---------------------------------------------------------------------
# Command Format PROTOCOL COMMAND ARG
# PROTOCOL
#          CFG:  Config protocol of specific usb device vid/pid
#                SDPS|SDP -chip <chip name> -pid <pid> -vid <vid> [-bcdversion <ver>]
#          SDPS: Stream download after MX8QXPB0 
#                      boot  -f  <filename>
#                      done  #last command for whole flow         
#          SDP:  iMX6/iMX7 HID download protocol.
#                      dcd   -f  <filename>
#                      write -f  <filename> [-addr 0x000000] [-ivt 0]
#                      jump  -f  <filename> [-ivt 0]
#                      boot  -f  <filename> [-nojump]
#                      done  #last command for whole flow   
#
# For example:
#          SDPS: boot -f <filename>
#          SDP:  boot -f <filename>
#          CFG: SDP: -chip imx6ull -pid 0x1234 -vid 0x5678

CFG: SDP:   -chip imx6ull -pid 0x1234 -vid 0x5678
SDP: dcd   -f  u-boot-dtb.imx1
SDP: write -f u-boot-dtb.imx -ivt
SDP: write -f u-boot-dtb.imx -addr 0x84000000
SDP: jump  -f u-boot-dtb.imx -ivt

